[24Aug2026 12:42:39.099] [main/INFO] [net.neoforged.fml.startup.Entrypoint/]: JVM Uptime at startup: 466ms
[24Aug2026 12:42:39.119] [main/INFO] [net.neoforged.fml.loading.FMLLoader/]: Starting FancyModLoader version 11.0.15 (CLIENT in DEV)
[24Aug2026 12:42:39.120] [main/INFO] [net.neoforged.fml.loading.FMLLoader/]: Game directory: C:\Users\under\MCreatorWorkspaces\the_desolate\The Desolate\run
[24Aug2026 12:42:39.198] [main/INFO] [net.neoforged.fml.loading.EarlyServiceDiscovery/]: Found 2 early service jars (out of 107) in 29ms
[24Aug2026 12:42:39.198] [main/INFO] [net.neoforged.fml.loading.FMLLoader/]: Loading FML Early Services:
[24Aug2026 12:42:39.199] [main/INFO] [net.neoforged.fml.loading.FMLLoader/]:  - C:/Users/under/.mcreator/gradle/caches/modules-2/files-2.1/net.neoforged.fancymodloader/earlydisplay/11.0.15/b254aa4ec40828f8ce65411dcb7fb9f6ce008064/earlydisplay-11.0.15.jar
[24Aug2026 12:42:39.200] [main/INFO] [net.neoforged.fml.loading.FMLLoader/]:  - C:/Users/under/.mcreator/gradle/caches/modules-2/files-2.1/net.neoforged.fancymodloader/loader/11.0.15/69ddd98736a6b095783523404d1af8992842722/loader-11.0.15.jar
[24Aug2026 12:42:39.204] [main/INFO] [net.neoforged.fml.loading.ImmediateWindowHandler/]: Loading ImmediateWindowProvider fmlearlywindow
[24Aug2026 12:42:39.956] [ForkJoinPool.commonPool-worker-9/INFO] [net.neoforged.fml.loading.moddiscovery.locators.GameLocator/]: Detected a joined NeoForge and Minecraft configuration. Applying filtering...
[24Aug2026 12:42:40.031] [fml-loadingscreen/INFO] [net.neoforged.fml.earlydisplay.render.LoadingScreenRenderer/]: GL info: NVIDIA GeForce RTX 3060/PCIe/SSE2 GL version 3.3.0 NVIDIA 595.95, NVIDIA Corporation
[24Aug2026 12:42:40.043] [ForkJoinPool.commonPool-worker-9/INFO] [net.neoforged.fml.loading.moddiscovery.locators.InDevFolderLocator/CORE]: Got mod coordinates mcreator%%C:\Users\under\MCreatorWorkspaces\the_desolate\The Desolate\build\classes\java\main;mcreator%%C:\Users\under\MCreatorWorkspaces\the_desolate\The Desolate\build\resources\main from env
[24Aug2026 12:42:40.239] [ForkJoinPool.commonPool-worker-9/INFO] [net.neoforged.fml.loading.moddiscovery.locators.JarInJarDependencyLocator/]: Found 2 dependencies adding them to mods collection
[24Aug2026 12:42:40.245] [ForkJoinPool.commonPool-worker-9/INFO] [net.neoforged.fml.loading.moddiscovery.ModDiscoverer/]: 
     Mod List:
		Name Version (Mod Id)

		Minecraft 26.1.2 (minecraft)
		NeoForge 26.1.2.95 (neoforge)
		The Desolate 1.0.0 (the_desolate)
[24Aug2026 12:42:40.478] [main/INFO] [mixin/]: SpongePowered MIXIN Subsystem Version=0.8.7 Source=file:/C:/Users/under/.mcreator/gradle/caches/modules-2/files-2.1/net.fabricmc/sponge-mixin/0.17.3+mixin.0.8.7/41c4a3984a80f4679e759fb9f495587acc5cdac7/sponge-mixin-0.17.3+mixin.0.8.7.jar Service=FML Env=CLIENT
[24Aug2026 12:42:40.513] [main/INFO] [net.neoforged.fml.loading.FMLLoader/]: Loading FML Plugins:
[24Aug2026 12:42:40.514] [main/INFO] [net.neoforged.fml.loading.FMLLoader/]:  - C:/Users/under/.mcreator/gradle/caches/modules-2/files-2.1/net.neoforged/neoforge/26.1.2.95/b2c6a32bb07fe4e8f919bfb76cf1645be0a17b48/neoforge-26.1.2.95-universal.jar > net.neoforged.neoforge-coremods-26.1.2.95.jar
[24Aug2026 12:42:40.612] [main/INFO] [net.neoforged.fml.loading.FMLLoader/]: Building game content classloader:
 - minecraft (composite(filtered(jar(C:/Users/under/MCreatorWorkspaces/the_desolate/The Desolate/build/moddev/artifacts/minecraft-patched-26.1.2.95.jar)), filtered(jar(C:/Users/under/MCreatorWorkspaces/the_desolate/The Desolate/build/moddev/artifacts/minecraft-patched-26.1.2.95.jar))))
 - mixinextras.neoforge (jar(C:/Users/under/.mcreator/gradle/caches/modules-2/files-2.1/net.neoforged/neoforge/26.1.2.95/b2c6a32bb07fe4e8f919bfb76cf1645be0a17b48/neoforge-26.1.2.95-universal.jar > mixinextras-neoforge-0.5.4.jar))
 - neoforge (composite(filtered(jar(C:/Users/under/.mcreator/gradle/caches/modules-2/files-2.1/net.neoforged/neoforge/26.1.2.95/b2c6a32bb07fe4e8f919bfb76cf1645be0a17b48/neoforge-26.1.2.95-universal.jar))))
 - net.neoforged.fml.generated (empty(VirtualJar/net.neoforged.fml.generated))
 - the_desolate (composite(folder(C:/Users/under/MCreatorWorkspaces/the_desolate/The Desolate/build/classes/java/main), folder(C:/Users/under/MCreatorWorkspaces/the_desolate/The Desolate/build/resources/main)))
[24Aug2026 12:42:40.636] [main/INFO] [net.neoforged.fml.loading.FMLLoader/]: Built game content classloader in 32ms
[24Aug2026 12:42:41.954] [Datafixer Bootstrap/INFO] [com.mojang.datafixers.DataFixerBuilder/]: 294 Datafixer optimizations took 317 milliseconds
[24Aug2026 12:42:42.081] [pool-8-thread-1/INFO] [MixinExtras|Service/]: Initializing MixinExtras via com.llamalad7.mixinextras.service.MixinExtrasServiceImpl(version=0.5.4).
[24Aug2026 12:42:46.146] [main/WARN] [net.minecraft.commands.Commands/]: Ambiguity between arguments [teleport, location] and [teleport, destination] with inputs: [0.1 -0.5 .9, 0 0 0]
[24Aug2026 12:42:46.148] [main/WARN] [net.minecraft.commands.Commands/]: Ambiguity between arguments [teleport, location] and [teleport, targets] with inputs: [0.1 -0.5 .9, 0 0 0]
[24Aug2026 12:42:46.151] [main/WARN] [net.minecraft.commands.Commands/]: Ambiguity between arguments [teleport, destination] and [teleport, targets] with inputs: [Player, 0123, @e, dd12be42-52a9-4a91-a8a1-11c01849e498]
[24Aug2026 12:42:46.152] [main/WARN] [net.minecraft.commands.Commands/]: Ambiguity between arguments [teleport, targets] and [teleport, destination] with inputs: [Player, 0123, dd12be42-52a9-4a91-a8a1-11c01849e498]
[24Aug2026 12:42:46.153] [main/WARN] [net.minecraft.commands.Commands/]: Ambiguity between arguments [teleport, targets, location] and [teleport, targets, destination] with inputs: [0.1 -0.5 .9, 0 0 0]
[24Aug2026 12:42:46.155] [main/WARN] [net.minecraft.commands.Commands/]: Ambiguity between arguments [time, set, time] and [time, set, timemarker] with inputs: [0, 0s, 0d, 0t]
[24Aug2026 12:42:46.156] [main/WARN] [net.minecraft.commands.Commands/]: Ambiguity between arguments [time, set, timemarker] and [time, set, time] with inputs: [012]
[24Aug2026 12:42:46.157] [main/WARN] [net.minecraft.commands.Commands/]: Ambiguity between arguments [time, of, clock, set, time] and [time, of, clock, set, timemarker] with inputs: [0, 0s, 0d, 0t]
[24Aug2026 12:42:46.158] [main/WARN] [net.minecraft.commands.Commands/]: Ambiguity between arguments [time, of, clock, set, timemarker] and [time, of, clock, set, time] with inputs: [012]
[24Aug2026 12:42:46.159] [main/WARN] [net.minecraft.commands.Commands/]: Ambiguity between arguments [waypoint, modify, waypoint, color, reset] and [waypoint, modify, waypoint, color, color] with inputs: [reset]
[24Aug2026 12:42:46.224] [modloading-worker-0/INFO] [net.neoforged.neoforge.common.NeoForgeMod/NEOFORGE-MOD]: NeoForge mod loading, version 26.1.2.95, for MC 26.1.2
[24Aug2026 12:42:46.811] [Render thread/INFO] [com.mojang.authlib.yggdrasil.YggdrasilAuthenticationService/]: Environment: Environment[sessionHost=https://sessionserver.mojang.com, servicesHost=https://api.minecraftservices.com, profilesHost=https://api.mojang.com, name=PROD]
[24Aug2026 12:42:46.822] [Render thread/WARN] [net.minecraft.server.players.CachedUserNameToIdResolver/]: Failed to load profile cache .\usercache.json
com.google.gson.JsonSyntaxException: Expected a com.google.gson.JsonArray but was com.google.gson.JsonPrimitive; at path $
	at com.google.gson.internal.bind.TypeAdapters$32$1.read(TypeAdapters.java:923) ~[gson-2.13.2.jar:?]
	at com.google.gson.Gson.fromJson(Gson.java:1358) ~[gson-2.13.2.jar:?]
	at com.google.gson.Gson.fromJson(Gson.java:1259) ~[gson-2.13.2.jar:?]
	at com.google.gson.Gson.fromJson(Gson.java:1197) ~[gson-2.13.2.jar:?]
	at TRANSFORMER/minecraft@26.1.2/net.minecraft.server.players.CachedUserNameToIdResolver.load(CachedUserNameToIdResolver.java:155) [minecraft-patched-26.1.2.95.jar:?]
	at TRANSFORMER/minecraft@26.1.2/net.minecraft.server.players.CachedUserNameToIdResolver.<init>(CachedUserNameToIdResolver.java:53) [minecraft-patched-26.1.2.95.jar:?]
	at TRANSFORMER/minecraft@26.1.2/net.minecraft.server.Services.create(Services.java:27) [minecraft-patched-26.1.2.95.jar:?]
	at TRANSFORMER/minecraft@26.1.2/net.minecraft.client.Minecraft.<init>(Minecraft.java:420) [minecraft-patched-26.1.2.95.jar:?]
	at TRANSFORMER/minecraft@26.1.2/net.minecraft.client.main.Main.main(Main.java:231) [minecraft-patched-26.1.2.95.jar:?]
	at net.neoforged.fml.startup.Client.main(Client.java:19) [loader-11.0.15.jar:11.0]
	at java.base/jdk.internal.reflect.DirectMethodHandleAccessor.invoke(DirectMethodHandleAccessor.java:104) ~[?:?]
	at java.base/java.lang.reflect.Method.invoke(Method.java:565) ~[?:?]
	at net.neoforged.devlaunch.Main.main(Main.java:57) [DevLaunch-1.0.2.jar:?]
[24Aug2026 12:42:46.827] [Render thread/INFO] [net.minecraft.client.Minecraft/]: Setting user: Dev
[24Aug2026 12:42:46.917] [Render thread/INFO] [net.minecraft.client.Minecraft/]: Backend library: LWJGL version 3.4.1+2
[24Aug2026 12:42:47.086] [Render thread/INFO] [net.minecraft.client.Minecraft/]: Using optional rendering extensions: GL_ARB_buffer_storage, GL_KHR_debug, GL_ARB_vertex_attrib_binding, GL_ARB_direct_state_access, GL_EXT_texture_filter_anisotropic
[24Aug2026 12:42:47.845] [Render thread/INFO] [net.minecraft.server.packs.resources.ReloadableResourceManager/]: Reloading ResourceManager: vanilla, mod_resources, mod/neoforge, mod/the_desolate
[24Aug2026 12:42:48.080] [resourceLoad/INFO] [net.minecraft.client.gui.font.providers.UnihexProvider/]: Found unifont_all_no_pua-17.0.01.hex, loading
[24Aug2026 12:42:48.082] [resourceLoad/INFO] [net.minecraft.client.gui.font.providers.UnihexProvider/]: Found unifont_pua-17.0.01.hex, loading
[24Aug2026 12:42:48.130] [resourceLoad/INFO] [net.minecraft.client.gui.font.providers.UnihexProvider/]: Found unifont_jp_patch-17.0.01.hex, loading
[24Aug2026 12:42:49.035] [Render thread/WARN] [com.mojang.blaze3d.opengl.GlProgram/]: neoforge:pipeline/item_translucent_unlit shader program does not use sampler Sampler2 defined in the pipeline. This might be a bug.
[24Aug2026 12:42:49.045] [Render thread/WARN] [com.mojang.blaze3d.opengl.GlProgram/]: neoforge:pipeline/item_cutout_unlit shader program does not use sampler Sampler2 defined in the pipeline. This might be a bug.
[24Aug2026 12:42:49.097] [Render thread/INFO] [com.mojang.blaze3d.audio.Library/]: OpenAL initialized on device OpenAL Soft on Headphones (JBL TUNE510BT)
[24Aug2026 12:42:49.100] [Render thread/INFO] [net.minecraft.client.sounds.SoundEngine/SOUNDS]: Sound engine started
[24Aug2026 12:42:49.101] [Render thread/INFO] [net.minecraft.client.renderer.texture.TextureAtlas/]: Created: 512x256x0 minecraft:textures/atlas/particles.png-atlas
[24Aug2026 12:42:49.120] [Render thread/INFO] [net.minecraft.client.renderer.texture.TextureAtlas/]: Created: 128x128x0 minecraft:textures/atlas/decorated_pot.png-atlas
[24Aug2026 12:42:49.123] [Render thread/INFO] [net.minecraft.client.renderer.texture.TextureAtlas/]: Created: 2048x1024x0 minecraft:textures/atlas/armor_trims.png-atlas
[24Aug2026 12:42:49.144] [Render thread/INFO] [net.minecraft.client.renderer.texture.TextureAtlas/]: Created: 512x256x0 minecraft:textures/atlas/paintings.png-atlas
[24Aug2026 12:42:49.169] [Render thread/INFO] [net.minecraft.client.renderer.texture.TextureAtlas/]: Created: 1024x512x0 minecraft:textures/atlas/shield_patterns.png-atlas
[24Aug2026 12:42:49.173] [Render thread/INFO] [net.minecraft.client.renderer.texture.TextureAtlas/]: Created: 1024x1024x2 minecraft:textures/atlas/blocks.png-atlas
[24Aug2026 12:42:49.231] [Render thread/INFO] [net.minecraft.client.renderer.texture.TextureAtlas/]: Created: 512x512x0 minecraft:textures/atlas/chest.png-atlas
[24Aug2026 12:42:49.251] [Render thread/INFO] [net.minecraft.client.renderer.texture.TextureAtlas/]: Created: 256x128x0 minecraft:textures/atlas/celestials.png-atlas
[24Aug2026 12:42:49.254] [Render thread/INFO] [net.minecraft.client.renderer.texture.TextureAtlas/]: Created: 1024x512x0 minecraft:textures/atlas/banner_patterns.png-atlas
[24Aug2026 12:42:49.256] [Render thread/INFO] [net.minecraft.client.renderer.texture.TextureAtlas/]: Created: 512x512x0 minecraft:textures/atlas/beds.png-atlas
[24Aug2026 12:42:49.260] [Render thread/INFO] [net.minecraft.client.renderer.texture.TextureAtlas/]: Created: 1024x512x0 minecraft:textures/atlas/items.png-atlas
[24Aug2026 12:42:49.278] [Render thread/INFO] [net.minecraft.client.renderer.texture.TextureAtlas/]: Created: 1024x1024x0 minecraft:textures/atlas/gui.png-atlas
[24Aug2026 12:42:49.306] [Render thread/INFO] [net.minecraft.client.renderer.texture.TextureAtlas/]: Created: 128x64x0 minecraft:textures/atlas/map_decorations.png-atlas
[24Aug2026 12:42:49.321] [Render thread/INFO] [net.minecraft.client.renderer.texture.TextureAtlas/]: Created: 512x256x0 minecraft:textures/atlas/signs.png-atlas
[24Aug2026 12:42:49.324] [Render thread/INFO] [net.minecraft.client.renderer.texture.TextureAtlas/]: Created: 512x512x0 minecraft:textures/atlas/shulker_boxes.png-atlas
[24Aug2026 12:42:49.437] [Render thread/INFO] [net.neoforged.neoforge.client.entity.animation.json.AnimationLoader/]: Loaded 0 entity animations
[24Aug2026 12:42:57.231] [Render thread/INFO] [net.minecraft.world.item.crafting.RecipeManager/]: Loaded 1515 recipes
[24Aug2026 12:42:57.241] [Render thread/INFO] [net.minecraft.advancements.AdvancementTree/]: Loaded 1617 advancements
[24Aug2026 12:42:57.243] [Render thread/INFO] [net.neoforged.neoforge.common.crafting.RecipePriorityManager/]: Loaded 0 recipe priority overrides
[24Aug2026 12:42:57.391] [Server thread/INFO] [net.minecraft.client.server.IntegratedServer/]: Starting integrated minecraft server version 26.1.2
[24Aug2026 12:42:57.391] [Server thread/INFO] [net.minecraft.server.MinecraftServer/]: Generating keypair
[24Aug2026 12:42:57.710] [Server thread/INFO] [net.minecraft.server.level.progress.LoggingLevelLoadListener/]: Loading 0 persistent chunks...
[24Aug2026 12:42:57.723] [Server thread/INFO] [net.minecraft.server.MinecraftServer/]: Saving chunks for level 'ServerLevel[New World]'/minecraft:overworld
[24Aug2026 12:42:57.740] [Server thread/INFO] [net.minecraft.server.MinecraftServer/]: Saving chunks for level 'ServerLevel[New World]'/minecraft:the_nether
[24Aug2026 12:42:57.744] [Server thread/INFO] [net.minecraft.server.MinecraftServer/]: Saving chunks for level 'ServerLevel[New World]'/minecraft:the_end
[24Aug2026 12:42:57.750] [Server thread/INFO] [net.minecraft.server.MinecraftServer/]: Saving chunks for level 'ServerLevel[New World]'/the_desolate:wonderland
[24Aug2026 12:42:57.766] [Server thread/INFO] [net.minecraft.server.MinecraftServer/]: ThreadedAnvilChunkStorage (world): All chunks are saved
[24Aug2026 12:42:57.766] [Server thread/INFO] [net.minecraft.server.MinecraftServer/]: ThreadedAnvilChunkStorage (DIM-1): All chunks are saved
[24Aug2026 12:42:57.766] [Server thread/INFO] [net.minecraft.server.MinecraftServer/]: ThreadedAnvilChunkStorage (DIM1): All chunks are saved
[24Aug2026 12:42:57.766] [Server thread/INFO] [net.minecraft.server.MinecraftServer/]: ThreadedAnvilChunkStorage (wonderland): All chunks are saved
[24Aug2026 12:42:57.766] [Server thread/INFO] [net.minecraft.server.MinecraftServer/]: ThreadedAnvilChunkStorage: All dimensions are saved
[24Aug2026 12:42:57.769] [Server thread/INFO] [net.neoforged.neoforge.server.permission.PermissionAPI/]: Successfully initialized permission handler neoforge:default_handler
[24Aug2026 12:42:58.250] [Server thread/INFO] [net.minecraft.server.level.progress.LoggingLevelLoadListener/]: Loading 49 chunks for player spawn...
[24Aug2026 12:42:58.251] [Server thread/INFO] [net.minecraft.server.level.progress.LoggingLevelLoadListener/]: Preparing spawn area: 16%
[24Aug2026 12:42:58.270] [Server thread/INFO] [net.minecraft.server.level.progress.LoggingLevelLoadListener/]: Preparing spawn area: 16%
[24Aug2026 12:42:58.371] [Server thread/INFO] [net.minecraft.server.level.progress.LoggingLevelLoadListener/]: Time elapsed: 661 ms
[24Aug2026 12:42:58.631] [Server thread/INFO] [net.minecraft.server.players.PlayerList/]: Dev[local:E:f07eeb1f] logged in with entity id 1 at (-14.50037971968501, -55.21361979938861, -56.29906260063867)
[24Aug2026 12:42:58.685] [Server thread/INFO] [net.minecraft.server.MinecraftServer/]: Dev joined the game
[24Aug2026 12:42:58.800] [Server thread/INFO] [net.minecraft.client.server.IntegratedServer/]: Changing view distance to 5, from 10
[24Aug2026 12:42:58.803] [Server thread/INFO] [net.minecraft.client.server.IntegratedServer/]: Changing simulation distance to 12, from 0
[24Aug2026 12:42:58.806] [Render thread/WARN] [net.minecraft.client.multiplayer.ClientPacketListener/]: Ignoring chat session from Dev due to missing Services public key
[24Aug2026 12:42:58.808] [Render thread/INFO] [net.minecraft.advancements.AdvancementTree/]: Loaded 2 advancements
[24Aug2026 12:42:58.871] [Render thread/INFO] [net.minecraft.client.renderer.DynamicUniformStorage/]: Resizing Dynamic Transforms UBO, capacity limit of 2 reached during a single frame. New capacity will be 4.
[24Aug2026 12:42:58.978] [Render thread/INFO] [net.minecraft.client.renderer.DynamicUniformStorage/]: Resizing Dynamic Transforms UBO, capacity limit of 4 reached during a single frame. New capacity will be 8.
[24Aug2026 12:42:59.065] [Render thread/INFO] [net.minecraft.client.renderer.DynamicUniformStorage/]: Resizing Chunk Sections UBO, capacity limit of 2 reached during a single frame. New capacity will be 4.
[24Aug2026 12:42:59.124] [Render thread/INFO] [net.minecraft.client.renderer.DynamicUniformStorage/]: Resizing Chunk Sections UBO, capacity limit of 4 reached during a single frame. New capacity will be 16.
[24Aug2026 12:42:59.168] [Render thread/INFO] [net.minecraft.client.renderer.DynamicUniformStorage/]: Resizing Chunk Sections UBO, capacity limit of 16 reached during a single frame. New capacity will be 32.
[24Aug2026 12:42:59.213] [Render thread/INFO] [net.minecraft.client.renderer.DynamicUniformStorage/]: Resizing Chunk Sections UBO, capacity limit of 32 reached during a single frame. New capacity will be 64.
[24Aug2026 12:43:09.620] [Server thread/INFO] [net.minecraft.server.MinecraftServer/]: Dev was killed
[24Aug2026 12:43:09.629] [Render thread/INFO] [net.minecraft.client.gui.components.ChatComponent/]: [System] [CHAT] Dev was killed
[24Aug2026 12:43:09.629] [Server thread/INFO] [net.minecraft.server.MinecraftServer/]: [Dev: Killed Dev]
[24Aug2026 12:43:09.633] [Render thread/INFO] [net.minecraft.client.gui.components.ChatComponent/]: [System] [CHAT] Killed Dev
[24Aug2026 12:43:11.948] [Render thread/INFO] [net.minecraft.client.renderer.DynamicUniformStorage/]: Resizing Dynamic Transforms UBO, capacity limit of 8 reached during a single frame. New capacity will be 16.
[24Aug2026 12:43:31.787] [Render thread/INFO] [net.minecraft.client.renderer.DynamicUniformStorage/]: Resizing Chunk Sections UBO, capacity limit of 64 reached during a single frame. New capacity will be 128.
[24Aug2026 12:43:41.668] [Render thread/INFO] [net.minecraft.client.gui.components.ChatComponent/]: [System] [CHAT] [Debug]: Hitboxes: shown
[24Aug2026 12:43:54.525] [Render thread/INFO] [net.minecraft.client.gui.components.ChatComponent/]: [System] [CHAT] Saved screenshot as 2026-08-24_12.43.54.png
[24Aug2026 12:44:01.216] [Render thread/INFO] [net.minecraft.client.gui.components.ChatComponent/]: [System] [CHAT] [Debug]: Hitboxes: hidden
[24Aug2026 12:44:02.117] [Render thread/INFO] [net.minecraft.client.gui.components.ChatComponent/]: [System] [CHAT] [Debug]: Hitboxes: shown
[24Aug2026 12:44:08.070] [Server thread/INFO] [net.minecraft.client.server.IntegratedServer/]: Saving and pausing game...
[24Aug2026 12:44:08.084] [Server thread/INFO] [net.minecraft.server.MinecraftServer/]: Saving chunks for level 'ServerLevel[New World]'/minecraft:overworld
[24Aug2026 12:44:08.090] [Server thread/INFO] [net.minecraft.server.MinecraftServer/]: Saving chunks for level 'ServerLevel[New World]'/minecraft:the_nether
[24Aug2026 12:44:08.091] [Server thread/INFO] [net.minecraft.server.MinecraftServer/]: Saving chunks for level 'ServerLevel[New World]'/minecraft:the_end
[24Aug2026 12:44:08.092] [Server thread/INFO] [net.minecraft.server.MinecraftServer/]: Saving chunks for level 'ServerLevel[New World]'/the_desolate:wonderland
[24Aug2026 12:44:10.694] [Render thread/INFO] [net.minecraft.client.Minecraft/]: Stopping!
[24Aug2026 12:44:10.721] [Server thread/INFO] [net.minecraft.server.MinecraftServer/]: Stopping server
[24Aug2026 12:44:10.722] [Server thread/INFO] [net.minecraft.server.MinecraftServer/]: Saving players
[24Aug2026 12:44:10.733] [Server thread/INFO] [net.minecraft.server.network.ServerGamePacketListenerImpl/]: Dev lost connection: Disconnected
[24Aug2026 12:44:10.733] [Server thread/INFO] [net.minecraft.server.MinecraftServer/]: Dev left the game
[24Aug2026 12:44:10.742] [Server thread/INFO] [net.minecraft.server.network.ServerCommonPacketListenerImpl/]: Stopping singleplayer server as player logged out
[24Aug2026 12:44:10.742] [Server thread/INFO] [net.minecraft.server.MinecraftServer/]: Saving worlds
[24Aug2026 12:44:10.807] [Server thread/INFO] [net.minecraft.server.MinecraftServer/]: Saving chunks for level 'ServerLevel[New World]'/minecraft:overworld
[24Aug2026 12:44:11.021] [Server thread/INFO] [net.minecraft.server.MinecraftServer/]: Saving chunks for level 'ServerLevel[New World]'/minecraft:the_nether
[24Aug2026 12:44:11.027] [Server thread/INFO] [net.minecraft.server.MinecraftServer/]: Saving chunks for level 'ServerLevel[New World]'/minecraft:the_end
[24Aug2026 12:44:11.030] [Server thread/INFO] [net.minecraft.server.MinecraftServer/]: Saving chunks for level 'ServerLevel[New World]'/the_desolate:wonderland
[24Aug2026 12:44:11.039] [Server thread/INFO] [net.minecraft.server.MinecraftServer/]: ThreadedAnvilChunkStorage (world): All chunks are saved
[24Aug2026 12:44:11.040] [Server thread/INFO] [net.minecraft.server.MinecraftServer/]: ThreadedAnvilChunkStorage (DIM-1): All chunks are saved
[24Aug2026 12:44:11.040] [Server thread/INFO] [net.minecraft.server.MinecraftServer/]: ThreadedAnvilChunkStorage (DIM1): All chunks are saved
[24Aug2026 12:44:11.040] [Server thread/INFO] [net.minecraft.server.MinecraftServer/]: ThreadedAnvilChunkStorage (wonderland): All chunks are saved
[24Aug2026 12:44:11.040] [Server thread/INFO] [net.minecraft.server.MinecraftServer/]: ThreadedAnvilChunkStorage: All dimensions are saved
